# train monitor snapshot 2026-07-04T08:18:45Z
status: RUNNING
csv tail:
epoch,step,train/caption_loss,train/hard_negative_caption_loss,train/loss,train/lr,train/num_objects,train/num_points,train/time/data_loading,train/time/forward,train/time/loss,train/time/training
0,49,0.01416618749499321,0.0026730173267424107,0.016839204356074333,0.005008113104850054,168.0,120000.0,0.7068653702735901,0.6080794334411621,6.946451187133789,7.572957992553711
0,99,0.007975632324814796,0.0027237399481236935,0.010699372738599777,0.005033111199736595,290.25,184227.0,0.6923145055770874,0.5933955907821655,6.926169395446777,7.537848949432373
gpu:
0, 98 %, 28958 MiB
1, 98 %, 29052 MiB
2, 100 %, 30166 MiB
3, 100 %, 30658 MiB
4, 98 %, 29422 MiB
5, 98 %, 29574 MiB
6, 98 %, 27526 MiB
7, 100 %, 30694 MiB
err_count: 0
# final snapshot 2026-07-04T08:56:34Z
status=RUNNING
2,332,,,,,,,,,,,0.4484514594078064,0.6795410513877869,0.6185
3,349,0.011824997141957283,0.002627718960866332,0.0144527163
